// Bun Snapshot v1, https://goo.gl/fbAQLP

exports[`integration 1`] = `
[
  "┌──────────────┐",
  "│My Test       │",
  "│Text          │",
  "│..............│",
  "└──────────────┘",
  "",
  "",
  "",
  "",
  "",
  "",
  "",
  "",
  "",
  "",
  "",
  "",
  "",
  "",
  "",
  "",
  "",
  "",
  "",
  "",
]
`;
